* 其实优化的重点就是减少GC，因为GC的时候，就会出现STW【Stop the World】，而Major GC 和 Full GC出现STW的时间，是Minor GC的10倍以上

* JVM在进行GC时，并非每次都对上面三个内存（新生代、老年代、方法区）区域一起回收的，大部分时候回收的都是指新生代。针对Hotspot VM的实现，它里面的GC按照回收区域又分为两大种类型：一种是部分收集（Partial GC），一种是整堆收集（FullGC）

* **部分收集** ：不是完整收集整个Java堆的垃圾收集。其中又分为：
  * **新生代收集**（Minor GC/Young GC）：只是新生代（Eden，s0，s1）的垃圾收集
  * **老年代收集**（Major GC/Old GC）：只是老年代的圾收集。
    * 目前，只有CMS GC会有单独收集老年代的行为。
    * <font color="orange">注意，很多时候Major GC会和Full GC混淆使用，需要具体分辨是老年代回收还是整堆回收。</font>
  * **混合收集**（Mixed GC）：收集整个新生代以及部分老年代的垃圾收集。目前，只有G1 GC会有这种行为

* **整堆收集**（Full GC）：收集整个java堆和方法区的垃圾收集。



## 年轻代 GC（Minor GC）触发机制

* 当年轻代空间不足时，就会触发Minor GC，<font color="orange">这里的年轻代满指的是Eden代满。Survivor满不会主动引发GC，在Eden区满的时候，会顺带触发s0区的GC，也就是被动触发GC（每次Minor GC会清理年轻代的内存）</font>

* 因为Java对象大多都具备朝生夕灭的特性，所以Minor GC非常频繁，一般回收速度也比较快。这一定义既清晰又易于理解。

* Minor GC会引发STW（Stop The World），暂停其它用户的线程，等垃圾回收结束，用户线程才恢复运行

## 老年代GC（Major GC / Full GC）触发机制

* 指发生在老年代的GC，对象从老年代消失时，我们说 “Major GC” 或 “Full GC” 发生了 
* 出现了Major Gc，经常会伴随至少一次的Minor GC（但非绝对的，在Paralle1 Scavenge收集器的收集策略里就有直接进行MajorGC的策略选择过程） 
* 也就是在老年代空间不足时，会先尝试触发Minor Gc。如果之后空间还不足，则触发Major GC
* Major GC的速度一般会比Minor GC慢10倍以上，STW的时间更长 
* 如果Major GC后，内存还不足，就报OOM了 

## Full GC触发机制（后面细讲）

触发Full GC执行的情况有如下五种：

* 调用System.gc()时，系统建议执行Full GC，但是不必然执行

* 老年代空间不足

* 方法区空间不足

* 通过Minor GC后进入老年代的平均大小大于老年代的可用内存

* 由Eden区、survivor space0（From Space）区向survivor space1（To Space）区复制时，对象大小大于To Space可用内存，则把该对象转存到老年代，且老年代的可用内存小于该对象大小

说明：<font color="orange">Full GC 是开发或调优中尽量要避免的。这样暂时时间会短一些</font>





## 测试用例

VM参数

```java
-Xms9m -Xmx9m -XX:+PrintGCDetails //详细的显示GC信息
```

```java
public class GCTest {
    public static void main(String[] args) {
        int i = 0;
        try {
            List<String> list = new ArrayList<>();
            String a = "atguigu.com";
            while (true) {
                list.add(a);
                a = a + a;
                i++;
            }

        } catch (Throwable t) {
            t.printStackTrace();
            System.out.println("遍历次数为：" + i);
        }
    }
}
//  ----------------------------------------------------------------------------
[GC (Allocation Failure) [PSYoungGen: 2006K->500K(2560K)] 2006K->919K(9728K), 0.0005192 secs] [Times: user=0.00 sys=0.00, real=0.00 secs] 
[GC (Allocation Failure) [PSYoungGen: 2496K->492K(2560K)] 2916K->2320K(9728K), 0.0004959 secs] [Times: user=0.00 sys=0.00, real=0.00 secs] 
[GC (Allocation Failure) [PSYoungGen: 1953K->492K(2560K)] 3781K->3080K(9728K), 0.0004496 secs] [Times: user=0.00 sys=0.00, real=0.00 secs] 
[Full GC (Ergonomics) [PSYoungGen: 1284K->0K(2560K)] [ParOldGen: 6812K->4919K(7168K)] 8096K->4919K(9728K), [Metaspace: 3307K->3307K(1056768K)], 0.0034453 secs] [Times: user=0.00 sys=0.00, real=0.00 secs] 
[GC (Allocation Failure) [PSYoungGen: 0K->0K(2560K)] 4919K->4919K(9728K), 0.0001849 secs] [Times: user=0.00 sys=0.00, real=0.00 secs] 
[Full GC (Allocation Failure) [PSYoungGen: 0K->0K(2560K)] [ParOldGen: 4919K->4902K(7168K)] 4919K->4902K(9728K), [Metaspace: 3307K->3307K(1056768K)], 0.0032190 secs] [Times: user=0.00 sys=0.00, real=0.00 secs] 
遍历次数为：16
Heap
 PSYoungGen      total 2560K, used 95K [0x00000000ffd00000, 0x0000000100000000, 0x0000000100000000)
  eden space 2048K, 4% used [0x00000000ffd00000,0x00000000ffd17c30,0x00000000fff00000)
  from space 512K, 0% used [0x00000000fff80000,0x00000000fff80000,0x0000000100000000)
  to   space 512K, 0% used [0x00000000fff00000,0x00000000fff00000,0x00000000fff80000)
 ParOldGen       total 7168K, used 4902K [0x00000000ff600000, 0x00000000ffd00000, 0x00000000ffd00000)
  object space 7168K, 68% used [0x00000000ff600000,0x00000000ffac9850,0x00000000ffd00000)
 Metaspace       used 3354K, capacity 4496K, committed 4864K, reserved 1056768K
  class space    used 360K, capacity 388K, committed 512K, reserved 1048576K
java.lang.OutOfMemoryError: Java heap space
```

我们把GC日志单独拉一条出来看看

```java
[GC (Allocation Failure) [PSYoungGen: 2006K->500K(2560K)] 2006K->919K(9728K), 0.0005192 secs] [Times: user=0.00 sys=0.00, real=0.00 secs] 
```

* [PSYoungGen: 2006K->500K(2560K)] 【新生代区】
  
  * PSYoungGen  —— 新生代GC，也就是YoungGC、Minor GC
  * 2006K  —— 存储的大小
  * 500K  —— GC之后的大小
* (2560K)  —— 新生代的大小，由于还有Survivor的两个区，所以不会是0
  
  
  
* 2006K->919K(9728K)  【堆区】

  * 2006K —— 堆存储的大小
  * 919K —— GC之后堆区的大小
  * (9728K) —— 堆的总空间

  

* 0.0005192 secs —— GC花费的时间

  