在默认情况下，通过system.gc()或者Runtime.getRuntime().gc() 的调用，会<font color="cyan">显式触发Full GC</font>，同时对老年代和新生代进行回收，尝试释放被丢弃对象占用的内存。

<font color="cyan">然而System.gc() 调用附带一个免责声明，无法保证对垃圾收集器的调用。(不能确保立即生效)</font>

JVM实现者可以通过System.gc() 调用来决定JVM的GC行为。而一般情况下，垃圾回收应该是自动进行的，<font color="cyan">无须手动触发，否则就太过于麻烦了</font>。在一些特殊情况下，如我们正在编写一个性能基准，我们可以在运行之间调用System.gc()

## 案例一

```java
public class SystemGCTest {
    public static void main(String[] args) {
        new SystemGCTest();
        System.gc();// 提醒jvm的垃圾回收器执行gc,但是不确定是否马上执行gc
        // 与Runtime.getRuntime().gc();的作用一样。
    }

    @Override
    protected void finalize() throws Throwable {
        super.finalize();
        System.out.println("SystemGCTest 重写了finalize()");
        // 如果没有强制去调用runFinalization，那么就不一定会很快的调用GC，如果调了马上GC
    }
}
// --------------------------------------------
输出结果有可能是空白，原因是gc不一定会马上执行
```

## 案例二

```java
public class SystemGCTest {
    public static void main(String[] args) {
        new SystemGCTest();
        System.gc();// 提醒jvm的垃圾回收器执行gc,但是不确定是否马上执行gc
        // 与Runtime.getRuntime().gc();的作用一样。

        System.runFinalization(); // 强制调用失去引用的对象的finalize()方法
    }

    @Override
    protected void finalize() throws Throwable {
        super.finalize();
        System.out.println("SystemGCTest 重写了finalize()");
        // 如果没有强制去调用runFinalization，那么就不一定会很快的调用GC，如果调了马上GC
    }
}
// --------------------------------------------
一定会输出【SystemGCTest 重写了finalize()】
原因是强制调用失去引用的对象的finalize()方法
```

## 案例三

```java
-XX: +PrintGCDetails // 显示详细的GC信息
```

```java
public void localvarGC1() {
    byte[] buffer = new byte[10 * 1024 * 1024];//10MB
    System.gc();
}
// ---------------------------------------------
[GC (System.gc()) [PSYoungGen: 15503K->11248K(153088K)] 15503K->11256K(502784K), 0.0042943 secs] [Times: user=0.00 sys=0.00, real=0.00 secs] 
[Full GC (System.gc()) [PSYoungGen: 11248K->0K(153088K)] [ParOldGen: 8K->10959K(349696K)] 11256K->10959K(502784K), [Metaspace: 3321K->3321K(1056768K)], 0.0035948 secs] [Times: user=0.00 sys=0.02, real=0.00 secs] 
Heap
 PSYoungGen      total 153088K, used 1316K [0x0000000715d00000, 0x0000000720780000, 0x00000007c0000000)
  eden space 131584K, 1% used [0x0000000715d00000,0x0000000715e490d0,0x000000071dd80000)
  from space 21504K, 0% used [0x000000071dd80000,0x000000071dd80000,0x000000071f280000)
  to   space 21504K, 0% used [0x000000071f280000,0x000000071f280000,0x0000000720780000)
 ParOldGen       total 349696K, used 10959K [0x00000005c1600000, 0x00000005d6b80000, 0x0000000715d00000)
  object space 349696K, 3% used [0x00000005c1600000,0x00000005c20b3d20,0x00000005d6b80000)
 Metaspace       used 3328K, capacity 4496K, committed 4864K, reserved 1056768K
  class space    used 357K, capacity 388K, committed 512K, reserved 1048576K

这里只是把这个buffer从新生代放到了老年代了
```

## 案例四

```java
-XX: +PrintGCDetails // 显示详细的GC信息
```

```java
public void localvarGC2() {
    byte[] buffer = new byte[10 * 1024 * 1024];
    buffer = null;
    System.gc();
}
// ---------------------------------------------
[GC (System.gc()) [PSYoungGen: 15503K->936K(153088K)] 15503K->944K(502784K), 0.0008158 secs] [Times: user=0.00 sys=0.00, real=0.00 secs] 
[Full GC (System.gc()) [PSYoungGen: 936K->0K(153088K)] [ParOldGen: 8K->719K(349696K)] 944K->719K(502784K), [Metaspace: 3321K->3321K(1056768K)], 0.0029496 secs] [Times: user=0.00 sys=0.00, real=0.00 secs] 
Heap
 PSYoungGen      total 153088K, used 1316K [0x0000000715d00000, 0x0000000720780000, 0x00000007c0000000)
  eden space 131584K, 1% used [0x0000000715d00000,0x0000000715e490d0,0x000000071dd80000)
  from space 21504K, 0% used [0x000000071dd80000,0x000000071dd80000,0x000000071f280000)
  to   space 21504K, 0% used [0x000000071f280000,0x000000071f280000,0x0000000720780000)
 ParOldGen       total 349696K, used 719K [0x00000005c1600000, 0x00000005d6b80000, 0x0000000715d00000)
  object space 349696K, 0% used [0x00000005c1600000,0x00000005c16b3d10,0x00000005d6b80000)
 Metaspace       used 3328K, capacity 4496K, committed 4864K, reserved 1056768K
  class space    used 357K, capacity 388K, committed 512K, reserved 1048576K

这里是把buffer确确实实的回收掉了
```

## 案例五

```java
-XX: +PrintGCDetails // 显示详细的GC信息
```

```java
public void localvarGC3() {
    {
        byte[] buffer = new byte[10 * 1024 * 1024];
    }
    System.gc();
}
// ---------------------------------------------
[GC (System.gc()) [PSYoungGen: 15503K->11248K(153088K)] 15503K->11256K(502784K), 0.0044004 secs] [Times: user=0.00 sys=0.00, real=0.00 secs] 
[Full GC (System.gc()) [PSYoungGen: 11248K->0K(153088K)] [ParOldGen: 8K->10959K(349696K)] 11256K->10959K(502784K), [Metaspace: 3321K->3321K(1056768K)], 0.0032261 secs] [Times: user=0.00 sys=0.00, real=0.00 secs] 
Heap
 PSYoungGen      total 153088K, used 1316K [0x0000000715d00000, 0x0000000720780000, 0x00000007c0000000)
  eden space 131584K, 1% used [0x0000000715d00000,0x0000000715e490d0,0x000000071dd80000)
  from space 21504K, 0% used [0x000000071dd80000,0x000000071dd80000,0x000000071f280000)
  to   space 21504K, 0% used [0x000000071f280000,0x000000071f280000,0x0000000720780000)
 ParOldGen       total 349696K, used 10959K [0x00000005c1600000, 0x00000005d6b80000, 0x0000000715d00000)
  object space 349696K, 3% used [0x00000005c1600000,0x00000005c20b3d20,0x00000005d6b80000)
 Metaspace       used 3328K, capacity 4496K, committed 4864K, reserved 1056768K
  class space    used 357K, capacity 388K, committed 512K, reserved 1048576K

这里是把新生代放到老年代了
原因是当gc的时候，buffer还占用着局部变量表中，也就是root根节点，因此不会被回收
```

## 案例六

```java
-XX: +PrintGCDetails // 显示详细的GC信息
```

```java
public void localvarGC4() {
    {
        byte[] buffer = new byte[10 * 1024 * 1024];
    }
    int value = 10;
    System.gc();
}
// ---------------------------------------------
[GC (System.gc()) [PSYoungGen: 15503K->1056K(153088K)] 15503K->1064K(502784K), 0.0007647 secs] [Times: user=0.00 sys=0.00, real=0.00 secs] 
[Full GC (System.gc()) [PSYoungGen: 1056K->0K(153088K)] [ParOldGen: 8K->719K(349696K)] 1064K->719K(502784K), [Metaspace: 3321K->3321K(1056768K)], 0.0029281 secs] [Times: user=0.00 sys=0.00, real=0.00 secs] 
Heap
 PSYoungGen      total 153088K, used 1316K [0x0000000715d00000, 0x0000000720780000, 0x00000007c0000000)
  eden space 131584K, 1% used [0x0000000715d00000,0x0000000715e490d0,0x000000071dd80000)
  from space 21504K, 0% used [0x000000071dd80000,0x000000071dd80000,0x000000071f280000)
  to   space 21504K, 0% used [0x000000071f280000,0x000000071f280000,0x0000000720780000)
 ParOldGen       total 349696K, used 719K [0x00000005c1600000, 0x00000005d6b80000, 0x0000000715d00000)
  object space 349696K, 0% used [0x00000005c1600000,0x00000005c16b3d10,0x00000005d6b80000)
 Metaspace       used 3328K, capacity 4496K, committed 4864K, reserved 1056768K
  class space    used 357K, capacity 388K, committed 512K, reserved 1048576K

现在是被回收了
原因是我们的value把局部变量表中的1占用了，buffer就变成无引用的垃圾了，自然会被回收了
```

## 案例七

```java
-XX: +PrintGCDetails // 显示详细的GC信息
```

```java
public void localvarGC5() {
    localvarGC1();
    System.gc();
}
// ---------------------------------------------
[GC (System.gc()) [PSYoungGen: 15503K->11200K(153088K)] 15503K->11208K(502784K), 0.0042082 secs] [Times: user=0.00 sys=0.00, real=0.01 secs] 
[Full GC (System.gc()) [PSYoungGen: 11200K->0K(153088K)] [ParOldGen: 8K->10959K(349696K)] 11208K->10959K(502784K), [Metaspace: 3321K->3321K(1056768K)], 0.0033233 secs] [Times: user=0.00 sys=0.00, real=0.00 secs] 
// 上面的是gc1的gc打印，下面的才是gc5的打印
[GC (System.gc()) [PSYoungGen: 0K->0K(153088K)] 10959K->10959K(502784K), 0.0002922 secs] [Times: user=0.00 sys=0.00, real=0.00 secs] 
[Full GC (System.gc()) [PSYoungGen: 0K->0K(153088K)] [ParOldGen: 10959K->719K(349696K)] 10959K->719K(502784K), [Metaspace: 3321K->3321K(1056768K)], 0.0028471 secs] [Times: user=0.00 sys=0.00, real=0.00 secs] 
Heap
 PSYoungGen      total 153088K, used 1316K [0x0000000715d00000, 0x0000000720780000, 0x00000007c0000000)
  eden space 131584K, 1% used [0x0000000715d00000,0x0000000715e490d0,0x000000071dd80000)
  from space 21504K, 0% used [0x000000071f280000,0x000000071f280000,0x0000000720780000)
  to   space 21504K, 0% used [0x000000071dd80000,0x000000071dd80000,0x000000071f280000)
 ParOldGen       total 349696K, used 719K [0x00000005c1600000, 0x00000005d6b80000, 0x0000000715d00000)
  object space 349696K, 0% used [0x00000005c1600000,0x00000005c16b3d10,0x00000005d6b80000)
 Metaspace       used 3328K, capacity 4496K, committed 4864K, reserved 1056768K
  class space    used 357K, capacity 388K, committed 512K, reserved 1048576K

可以看到被回收了
```