OpenJDK 64-Bit Server VM (25.302-b08) for windows-amd64 JRE (1.8.0_302-b08), built on Jul 15 2021 19:37:21 by "Administrator" with MS VC++ 12.0 (VS2013)
Memory: 4k page, physical 33463524k(18039920k free), swap 56532196k(32055020k free)
CommandLine flags: -XX:InitialHeapSize=62914560 -XX:MaxHeapSize=62914560 -XX:+PrintGC -XX:+PrintGCDateStamps -XX:+PrintGCDetails -XX:+PrintGCTimeStamps -XX:+UseCompressedClassPointers -XX:+UseCompressedOops -XX:-UseLargePagesIndividualAllocation -XX:+UseParallelGC 
2023-05-03T22:22:03.195+0800: 5.884: [GC (Allocation Failure) [PSYoungGen: 15349K->2540K(17920K)] 15349K->12793K(58880K), 0.0022250 secs] [Times: user=0.00 sys=0.00, real=0.00 secs] 
2023-05-03T22:22:10.846+0800: 13.535: [GC (Allocation Failure) [PSYoungGen: 17824K->2536K(17920K)] 28078K->28100K(58880K), 0.0029530 secs] [Times: user=0.00 sys=0.02, real=0.00 secs] 
2023-05-03T22:22:10.849+0800: 13.538: [Full GC (Ergonomics) [PSYoungGen: 2536K->0K(17920K)] [ParOldGen: 25563K->27756K(40960K)] 28100K->27756K(58880K), [Metaspace: 3830K->3830K(1056768K)], 0.0049305 secs] [Times: user=0.00 sys=0.00, real=0.01 secs] 
2023-05-03T22:22:18.351+0800: 21.040: [Full GC (Ergonomics) [PSYoungGen: 15299K->1900K(17920K)] [ParOldGen: 27756K->40748K(40960K)] 43055K->42649K(58880K), [Metaspace: 3830K->3830K(1056768K)], 0.0033276 secs] [Times: user=0.00 sys=0.00, real=0.00 secs] 
Heap
 PSYoungGen      total 17920K, used 10546K [0x00000000fec00000, 0x0000000100000000, 0x0000000100000000)
  eden space 15360K, 68% used [0x00000000fec00000,0x00000000ff64caa8,0x00000000ffb00000)
  from space 2560K, 0% used [0x00000000ffd80000,0x00000000ffd80000,0x0000000100000000)
  to   space 2560K, 0% used [0x00000000ffb00000,0x00000000ffb00000,0x00000000ffd80000)
 ParOldGen       total 40960K, used 40748K [0x00000000fc400000, 0x00000000fec00000, 0x00000000fec00000)
  object space 40960K, 99% used [0x00000000fc400000,0x00000000febcb3d8,0x00000000fec00000)
 Metaspace       used 3836K, capacity 4536K, committed 4864K, reserved 1056768K
  class space    used 416K, capacity 428K, committed 512K, reserved 1048576K
